Error: Line 1: Variable with this name already declared in this scope